// Jest Snapshot v1, https://goo.gl/fbAQLP

exports[`<Pagination /> should render pagination with correct number of pages 1`] = `
<div>
  <div
    class="flex items-center gap-2 py-4"
  >
    <button
      class="px-4 py-2 bg-gray-700 text-white rounded-md disabled:opacity-50 disabled:cursor-not-allowed hover:bg-gray-600 transition"
    >
      ←
    </button>
    <button
      class="px-4 py-2 rounded-md transition bg-gray-700 text-white hover:bg-gray-600 disabled:opacity-50 disabled:cursor-not-allowed"
    >
      1
    </button>
    <button
      class="px-4 py-2 rounded-md transition bg-gray-700 text-white hover:bg-gray-600 disabled:opacity-50 disabled:cursor-not-allowed"
    >
      2
    </button>
    <button
      class="px-4 py-2 rounded-md transition bg-blue-600 text-white font-bold disabled:opacity-50 disabled:cursor-not-allowed"
    >
      3
    </button>
    <button
      class="px-4 py-2 rounded-md transition bg-gray-700 text-white hover:bg-gray-600 disabled:opacity-50 disabled:cursor-not-allowed"
    >
      4
    </button>
    <button
      class="px-4 py-2 rounded-md transition bg-gray-700 text-white hover:bg-gray-600 disabled:opacity-50 disabled:cursor-not-allowed"
    >
      5
    </button>
    <button
      class="px-4 py-2 bg-gray-700 text-white rounded-md disabled:opacity-50 disabled:cursor-not-allowed hover:bg-gray-600 transition"
    >
      →
    </button>
  </div>
</div>
`;
