// Jest Snapshot v1, https://goo.gl/fbAQLP

exports[`<Pagination /> should render pagination with correct number of pages 1`] = `
<div>
  <div
    class="relative flex items-center py-4 w-full max-w-full overflow-hidden flex-row justify-center lg:flex-col lg:h-screen md:h-auto"
  >
    <button
      class="flex items-center justify-center gap-2 px-4 py-2 rounded-lg bg-blue-600 text-white transition disabled:opacity-50 disabled:cursor-not-allowed px-2 py-2 bg-transparent text-white rounded-md hover:scale-110 disabled:opacity-50 hover:text-red-500 transition"
      data-testid="previous-button"
    >
      <span>
        ChevronLeft Icon
        ChevronLeft Icon
      </span>
    </button>
    <div
      class="flex space-x-1 md:flex-row lg:flex-col md:space-x-2 lg:space-x-0 md:space-y-0 lg:space-y-2 overflow-hidden"
    >
      <button
        class="flex items-center justify-center gap-2 px-4 py-2 rounded-lg bg-blue-600 text-white transition disabled:opacity-50 disabled:cursor-not-allowed px-4 py-2 rounded-md transition bg-transparent text-white hover:scale-125 disabled:opacity-50"
        data-testid="pagination-button-1"
      >
        <span>
          1
        </span>
      </button>
      <button
        class="flex items-center justify-center gap-2 px-4 py-2 rounded-lg bg-blue-600 text-white transition disabled:opacity-50 disabled:cursor-not-allowed px-4 py-2 rounded-md transition bg-transparent text-white hover:scale-125 disabled:opacity-50"
        data-testid="pagination-button-2"
      >
        <span>
          2
        </span>
      </button>
      <button
        class="flex items-center justify-center gap-2 px-4 py-2 rounded-lg bg-blue-600 text-white transition disabled:opacity-50 disabled:cursor-not-allowed px-4 py-2 rounded-md transition bg-transparent !scale-125 font-bold"
        data-testid="pagination-button-3"
      >
        <span>
          3
        </span>
      </button>
      <button
        class="flex items-center justify-center gap-2 px-4 py-2 rounded-lg bg-blue-600 text-white transition disabled:opacity-50 disabled:cursor-not-allowed px-4 py-2 rounded-md transition bg-transparent text-white hover:scale-125 disabled:opacity-50"
        data-testid="pagination-button-4"
      >
        <span>
          4
        </span>
      </button>
      <button
        class="flex items-center justify-center gap-2 px-4 py-2 rounded-lg bg-blue-600 text-white transition disabled:opacity-50 disabled:cursor-not-allowed px-4 py-2 rounded-md transition bg-transparent text-white hover:scale-125 disabled:opacity-50"
        data-testid="pagination-button-5"
      >
        <span>
          5
        </span>
      </button>
      <button
        class="flex items-center justify-center gap-2 px-4 py-2 rounded-lg bg-blue-600 text-white transition disabled:opacity-50 disabled:cursor-not-allowed px-4 py-2 rounded-md transition bg-transparent text-white hover:scale-125 disabled:opacity-50"
        data-testid="pagination-button-6"
      >
        <span>
          6
        </span>
      </button>
      <button
        class="flex items-center justify-center gap-2 px-4 py-2 rounded-lg bg-blue-600 text-white transition disabled:opacity-50 disabled:cursor-not-allowed px-4 py-2 rounded-md transition bg-transparent text-white hover:scale-125 disabled:opacity-50"
        data-testid="pagination-button-7"
      >
        <span>
          7
        </span>
      </button>
      <button
        class="flex items-center justify-center gap-2 px-4 py-2 rounded-lg bg-blue-600 text-white transition disabled:opacity-50 disabled:cursor-not-allowed px-4 py-2 rounded-md transition bg-transparent text-white hover:scale-125 disabled:opacity-50"
        data-testid="pagination-button-8"
      >
        <span>
          8
        </span>
      </button>
      <button
        class="flex items-center justify-center gap-2 px-4 py-2 rounded-lg bg-blue-600 text-white transition disabled:opacity-50 disabled:cursor-not-allowed px-4 py-2 rounded-md transition bg-transparent text-white hover:scale-125 disabled:opacity-50"
        data-testid="pagination-button-9"
      >
        <span>
          9
        </span>
      </button>
      <button
        class="flex items-center justify-center gap-2 px-4 py-2 rounded-lg bg-blue-600 text-white transition disabled:opacity-50 disabled:cursor-not-allowed px-4 py-2 rounded-md transition bg-transparent text-white hover:scale-125 disabled:opacity-50"
        data-testid="pagination-button-10"
      >
        <span>
          10
        </span>
      </button>
    </div>
    <button
      class="flex items-center justify-center gap-2 px-4 py-2 rounded-lg bg-blue-600 text-white transition disabled:opacity-50 disabled:cursor-not-allowed px-2 py-2 bg-transparent text-white rounded-md disabled:opacity-50 hover:text-red-500 transition"
      data-testid="next-button"
    >
      <span>
        ChevronDown Icon
        ChevronLeft Icon
      </span>
    </button>
  </div>
</div>
`;
