// Jest Snapshot v1, https://goo.gl/fbAQLP

exports[`<Button /> should render with text 1`] = `
<div>
  <button
    class="flex items-center justify-center gap-2 px-4 py-2 rounded-lg bg-blue-600 text-white transition disabled:opacity-50 disabled:cursor-not-allowed "
  >
    <span>
      Click me
    </span>
  </button>
</div>
`;
