// Jest Snapshot v1, https://goo.gl/fbAQLP

exports[`<PokemonHeader /> should render the Pokemon sprite 1`] = `
<div>
  <div
    class="relative w-full h-[307px] flex items-center justify-center rounded-b-3xl overflow-hidden"
    data-testid="pokemon-header"
    style="clip-path: ellipse(60% 65% at 50% 30%);"
  >
    <div
      class="absolute inset-0 flex items-center justify-center  "
    >
      <div
        class="absolute inset-0 w-1/2 bg-gradient-to-l from-white/15 to-transparent"
      />
      <div
        class="absolute top-[10%] "
      >
        <img
          alt="fire"
          height="140"
          src="/icons/png/filled/fire.png"
          style="mask-image: linear-gradient(135deg, rgba(0 0 0 / 50%), rgba(0,0,0,0)); filter: brightness(10);"
          width="140"
        />
      </div>
    </div>
  </div>
  <img
    alt="Charizard"
    class="absolute z-10 left-1/2 transform bottom-0 -translate-x-1/2"
    height="215"
    src="/sprites/charizard.png"
    width="215"
  />
</div>
`;
