// Jest Snapshot v1, https://goo.gl/fbAQLP

exports[`PokeCard Should render the component 1`] = `
<div>
  <div
    class="bg-white min-w-[360px] max-w-[360px] p-4 rounded-lg text-center flex flex-col gap-4"
    data-testid="poke-card"
  >
    <div
      class="relative w-full h-[280px] flex flex-col items-center justify-center rounded-b-3xl overflow-hidden"
    >
      <div
        class="relative w-full h-full flex items-center justify-center"
        data-testid="pokemon-header"
        style="clip-path: ellipse(60% 65% at 50% 30%);"
      >
        <div
          class="absolute inset-0 flex items-center justify-center"
        >
          <div
            class="absolute inset-0 w-1/2 bg-gradient-to-l from-white/15 to-transparent"
          />
          <div
            class="relative"
          >
            <img
              alt="grass"
              height="140"
              src="/icons/png/filled/grass.png"
              style="mask-image: linear-gradient(135deg, rgba(0 0 0 / 50%), rgba(0,0,0,0)); filter: brightness(10);"
              width="140"
            />
          </div>
        </div>
      </div>
      <div
        class="  w-full flex justify-center mt-[5rem] absolute"
      >
        <img
          alt="ivysaur"
          class="z-10"
          height="215"
          src="https://raw.githubusercontent.com/PokeAPI/sprites/master/sprites/pokemon/other/official-artwork/2.png"
          width="215"
        />
      </div>
    </div>
    <div
      class="p-2 text-left"
    >
      <h2
        class="text-black font-bold capitalize text-3xl"
        data-testid="pokemon-name"
      >
        ivysaur
      </h2>
      <p
        class="text-base text-gray-700"
        data-testid="pokemon-id"
      >
        Nº002
      </p>
    </div>
    <div
      class="p-2 flex gap-2"
      data-testid="pokemon-types"
    >
      <div
        aria-label="grass"
        class="flex w-fit items-center gap-2 text-white px-3 py-2 rounded-full bg-pokemon-grass"
        data-testid="poke-badge"
      >
        <div
          class="w-6 h-6 flex items-center justify-center rounded-full overflow-visible bg-white"
        >
          <img
            alt="grass"
            height="13"
            src="/icons/png/filled/grass.png"
            width="13"
          />
        </div>
        <span
          class="font-semibold text-sm"
        >
          Grass
        </span>
      </div>
      <div
        aria-label="poison"
        class="flex w-fit items-center gap-2 text-white px-3 py-2 rounded-full bg-pokemon-poison"
        data-testid="poke-badge"
      >
        <div
          class="w-6 h-6 flex items-center justify-center rounded-full overflow-visible bg-white"
        >
          <img
            alt="poison"
            height="13"
            src="/icons/png/filled/poison.png"
            width="13"
          />
        </div>
        <span
          class="font-semibold text-sm"
        >
          Poison
        </span>
      </div>
    </div>
    <div
      class="p-2 w-full flex gap-[20px]"
    >
      <div
        class="grid grid-cols-2 w-full gap-[20px]"
      >
        <div
          class="flex flex-col gap-[4.5px] items-left   rounded-lg  "
        >
          <div
            class="flex items-end gap-[8.5px] h-[16px] text-gray-500 text-xs font-semibold uppercase"
          >
            <img
              alt="weight"
              height="18"
              src="/icons/svg/outlined/weight.svg"
              width="18"
            />
            <span>
              Peso
            </span>
          </div>
          <div
            class="mt-1 font-(--font-poppins) h-[42px]  w-full py-[8px] bg-white rounded-[15px] text-gray-800 font-bold text-lg text-center border border-[#E5E5E5]"
          >
            13 kg
          </div>
        </div>
        <div
          class="flex flex-col gap-[4.5px] items-left   rounded-lg  "
        >
          <div
            class="flex items-end gap-[8.5px] h-[16px] text-gray-500 text-xs font-semibold uppercase"
          >
            <img
              alt="height"
              height="15"
              src="/icons/svg/outlined/height.svg"
              width="15"
            />
            <span>
              Altura
            </span>
          </div>
          <div
            class="mt-1 font-(--font-poppins) h-[42px]  w-full py-[8px] bg-white rounded-[15px] text-gray-800 font-bold text-lg text-center border border-[#E5E5E5]"
          >
            1 m
          </div>
        </div>
      </div>
    </div>
    <hr
      class="px-2 border-gray-300 "
    />
    <div
      class="p-2 gap-3 flex flex-col text-left flex-wrap"
    >
      <h2
        class="text-lg text-black font-bold"
      >
        Fraquezas
      </h2>
      <div
        class="flex gap-2 flex-wrap"
        data-testid="pokemon-weaknesses"
      >
        <div
          aria-label="flying"
          class="flex w-fit items-center gap-2 text-white px-3 py-2 rounded-full bg-pokemon-flying w-[48%]"
          data-testid="poke-badge"
        >
          <div
            class="w-6 h-6 flex items-center justify-center rounded-full overflow-visible bg-white"
          >
            <img
              alt="flying"
              height="13"
              src="/icons/png/filled/flying.png"
              width="13"
            />
          </div>
          <span
            class="font-semibold text-sm"
          >
            Flying
          </span>
        </div>
        <div
          aria-label="poison"
          class="flex w-fit items-center gap-2 text-white px-3 py-2 rounded-full bg-pokemon-poison w-[48%]"
          data-testid="poke-badge"
        >
          <div
            class="w-6 h-6 flex items-center justify-center rounded-full overflow-visible bg-white"
          >
            <img
              alt="poison"
              height="13"
              src="/icons/png/filled/poison.png"
              width="13"
            />
          </div>
          <span
            class="font-semibold text-sm"
          >
            Poison
          </span>
        </div>
        <div
          aria-label="bug"
          class="flex w-fit items-center gap-2 text-white px-3 py-2 rounded-full bg-pokemon-bug w-[48%]"
          data-testid="poke-badge"
        >
          <div
            class="w-6 h-6 flex items-center justify-center rounded-full overflow-visible bg-white"
          >
            <img
              alt="bug"
              height="13"
              src="/icons/png/filled/bug.png"
              width="13"
            />
          </div>
          <span
            class="font-semibold text-sm"
          >
            Bug
          </span>
        </div>
        <div
          aria-label="fire"
          class="flex w-fit items-center gap-2 text-white px-3 py-2 rounded-full bg-pokemon-fire w-[48%]"
          data-testid="poke-badge"
        >
          <div
            class="w-6 h-6 flex items-center justify-center rounded-full overflow-visible bg-white"
          >
            <img
              alt="fire"
              height="13"
              src="/icons/png/filled/fire.png"
              width="13"
            />
          </div>
          <span
            class="font-semibold text-sm"
          >
            Fire
          </span>
        </div>
        <div
          aria-label="ice"
          class="flex w-fit items-center gap-2 text-white px-3 py-2 rounded-full bg-pokemon-ice w-[48%]"
          data-testid="poke-badge"
        >
          <div
            class="w-6 h-6 flex items-center justify-center rounded-full overflow-visible bg-white"
          >
            <img
              alt="ice"
              height="13"
              src="/icons/png/filled/ice.png"
              width="13"
            />
          </div>
          <span
            class="font-semibold text-sm"
          >
            Ice
          </span>
        </div>
      </div>
    </div>
    <hr
      class="px-2 border-gray-300 "
    />
    <div
      class="p-2 gap-3 text-left flex flex-wrap flex-col"
    >
      <h2
        class="text-lg text-black font-bold"
      >
        Evoluções
      </h2>
      <div
        class="flex items-center gap-2 flex-wrap border py-4 px-2 rounded-[15px] border-[#E6E6E6]  "
      >
        <section
          class="w-full justify-center flex items-center gap-2 flex-col"
        >
          <div
            class="flex flex-row w-full items-center gap-2 border border-[#E6E6E6]  rounded-[40px]"
          >
            <div
              class="rounded-[40px] relative w-[95px] h-[95px] flex items-center justify-center"
              style="background: rgb(99, 188, 90);"
            >
              <img
                alt="grass"
                height="65"
                src="/icons/png/filled/grass.png"
                style="mask-image: linear-gradient(135deg, rgba(0 0 0 / 50%), rgba(0,0,0,0)); filter: brightness(10);"
                width="65"
              />
              <div
                class="absolute inset-0 flex items-center justify-center"
              >
                <img
                  alt="bulbasaur"
                  height="120"
                  src="https://raw.githubusercontent.com/PokeAPI/sprites/master/sprites/pokemon/1.png"
                  width="120"
                />
              </div>
            </div>
            <div
              class="text-left"
            >
              <h4
                class="font-bold text-base text-left text-black capitalize"
              >
                bulbasaur
              </h4>
              <span
                class="text-xs font-bold text-gray-700 text-left"
              >
                Nº001
              </span>
              <div
                class="flex gap-2 flex-wrap"
              >
                <div
                  aria-label="grass"
                  class="flex w-fit items-center gap-2 text-white px-3 py-2 rounded-full bg-pokemon-grass px-7 h-6 py-0"
                  data-testid="poke-badge"
                >
                  <div
                    class="w-6 h-6 flex items-center justify-center rounded-full overflow-visible brightness-[10]"
                  >
                    <img
                      alt="grass"
                      height="13"
                      src="/icons/png/filled/grass.png"
                      width="13"
                    />
                  </div>
                </div>
                <div
                  aria-label="poison"
                  class="flex w-fit items-center gap-2 text-white px-3 py-2 rounded-full bg-pokemon-poison px-7 h-6 py-0"
                  data-testid="poke-badge"
                >
                  <div
                    class="w-6 h-6 flex items-center justify-center rounded-full overflow-visible brightness-[10]"
                  >
                    <img
                      alt="poison"
                      height="13"
                      src="/icons/png/filled/poison.png"
                      width="13"
                    />
                  </div>
                </div>
              </div>
            </div>
          </div>
        </section>
        <section
          class="w-full justify-center flex items-center gap-2 flex-col"
        >
          <div
            class="text-sm w-full justify-center flex items-center gap-4 text-[#173EA5] font-bold"
          >
            <img
              alt="seta para baixo"
              height="18"
              src="/icons/svg/move-down.svg"
              width="18"
            />
            Nível 16
          </div>
          <div
            class="flex flex-row w-full items-center gap-2 border border-[#E6E6E6]  rounded-[40px]"
          >
            <div
              class="rounded-[40px] relative w-[95px] h-[95px] flex items-center justify-center"
              style="background: rgb(99, 188, 90);"
            >
              <img
                alt="grass"
                height="65"
                src="/icons/png/filled/grass.png"
                style="mask-image: linear-gradient(135deg, rgba(0 0 0 / 50%), rgba(0,0,0,0)); filter: brightness(10);"
                width="65"
              />
              <div
                class="absolute inset-0 flex items-center justify-center"
              >
                <img
                  alt="ivysaur"
                  height="120"
                  src="https://raw.githubusercontent.com/PokeAPI/sprites/master/sprites/pokemon/2.png"
                  width="120"
                />
              </div>
            </div>
            <div
              class="text-left"
            >
              <h4
                class="font-bold text-base text-left text-black capitalize"
              >
                ivysaur
              </h4>
              <span
                class="text-xs font-bold text-gray-700 text-left"
              >
                Nº002
              </span>
              <div
                class="flex gap-2 flex-wrap"
              >
                <div
                  aria-label="grass"
                  class="flex w-fit items-center gap-2 text-white px-3 py-2 rounded-full bg-pokemon-grass px-7 h-6 py-0"
                  data-testid="poke-badge"
                >
                  <div
                    class="w-6 h-6 flex items-center justify-center rounded-full overflow-visible brightness-[10]"
                  >
                    <img
                      alt="grass"
                      height="13"
                      src="/icons/png/filled/grass.png"
                      width="13"
                    />
                  </div>
                </div>
                <div
                  aria-label="poison"
                  class="flex w-fit items-center gap-2 text-white px-3 py-2 rounded-full bg-pokemon-poison px-7 h-6 py-0"
                  data-testid="poke-badge"
                >
                  <div
                    class="w-6 h-6 flex items-center justify-center rounded-full overflow-visible brightness-[10]"
                  >
                    <img
                      alt="poison"
                      height="13"
                      src="/icons/png/filled/poison.png"
                      width="13"
                    />
                  </div>
                </div>
              </div>
            </div>
          </div>
        </section>
        <section
          class="w-full justify-center flex items-center gap-2 flex-col"
        >
          <div
            class="text-sm w-full justify-center flex items-center gap-4 text-[#173EA5] font-bold"
          >
            <img
              alt="seta para baixo"
              height="18"
              src="/icons/svg/move-down.svg"
              width="18"
            />
            Nível 32
          </div>
          <div
            class="flex flex-row w-full items-center gap-2 border border-[#E6E6E6]  rounded-[40px]"
          >
            <div
              class="rounded-[40px] relative w-[95px] h-[95px] flex items-center justify-center"
              style="background: rgb(99, 188, 90);"
            >
              <img
                alt="grass"
                height="65"
                src="/icons/png/filled/grass.png"
                style="mask-image: linear-gradient(135deg, rgba(0 0 0 / 50%), rgba(0,0,0,0)); filter: brightness(10);"
                width="65"
              />
              <div
                class="absolute inset-0 flex items-center justify-center"
              >
                <img
                  alt="venusaur"
                  height="120"
                  src="https://raw.githubusercontent.com/PokeAPI/sprites/master/sprites/pokemon/3.png"
                  width="120"
                />
              </div>
            </div>
            <div
              class="text-left"
            >
              <h4
                class="font-bold text-base text-left text-black capitalize"
              >
                venusaur
              </h4>
              <span
                class="text-xs font-bold text-gray-700 text-left"
              >
                Nº003
              </span>
              <div
                class="flex gap-2 flex-wrap"
              >
                <div
                  aria-label="grass"
                  class="flex w-fit items-center gap-2 text-white px-3 py-2 rounded-full bg-pokemon-grass px-7 h-6 py-0"
                  data-testid="poke-badge"
                >
                  <div
                    class="w-6 h-6 flex items-center justify-center rounded-full overflow-visible brightness-[10]"
                  >
                    <img
                      alt="grass"
                      height="13"
                      src="/icons/png/filled/grass.png"
                      width="13"
                    />
                  </div>
                </div>
                <div
                  aria-label="poison"
                  class="flex w-fit items-center gap-2 text-white px-3 py-2 rounded-full bg-pokemon-poison px-7 h-6 py-0"
                  data-testid="poke-badge"
                >
                  <div
                    class="w-6 h-6 flex items-center justify-center rounded-full overflow-visible brightness-[10]"
                  >
                    <img
                      alt="poison"
                      height="13"
                      src="/icons/png/filled/poison.png"
                      width="13"
                    />
                  </div>
                </div>
              </div>
            </div>
          </div>
        </section>
      </div>
    </div>
  </div>
</div>
`;
