// Jest Snapshot v1, https://goo.gl/fbAQLP

exports[`<PokemonList /> should render the list of pokemons 1`] = `
<div>
  <div
    class="flex flex-col items-center p-4"
  >
    <div
      class="flex flex-wrap justify-center gap-[1.5rem] w-full max-w-[1440px] px-4 sm:px-0"
    >
      <div
        class="bg-white min-w-[340px] max-w-[340px] p-2 rounded-lg text-center flex flex-col gap-4"
        data-testid="poke-card"
      >
        <a
          href="/pokemon/2"
        >
          <div
            class="relative w-full h-[280px] flex flex-col items-center justify-center rounded-b-3xl overflow-hidden"
          >
            <div
              class="relative w-full h-full flex items-center justify-center"
              data-testid="pokemon-header"
              style="clip-path: ellipse(60% 65% at 50% 30%);"
            >
              <div
                class="absolute inset-0 flex items-center justify-center"
              >
                <div
                  class="absolute inset-0 w-1/2 bg-gradient-to-l from-white/15 to-transparent"
                />
                <div
                  class="relative"
                >
                  <img
                    alt="grass"
                    height="140"
                    src="/icons/png/filled/grass.png"
                    style="mask-image: linear-gradient(135deg, rgba(0 0 0 / 50%), rgba(0,0,0,0)); filter: brightness(10);"
                    width="140"
                  />
                </div>
              </div>
            </div>
            <div
              class="  w-full flex justify-center mt-[5rem] absolute"
            >
              <img
                alt="ivysaur"
                class="z-10"
                height="215"
                src="https://raw.githubusercontent.com/PokeAPI/sprites/master/sprites/pokemon/other/official-artwork/2.png"
                width="215"
              />
            </div>
          </div>
          <div
            class="p-2 text-left"
          >
            <h2
              class="text-black font-bold capitalize text-3xl"
              data-testid="pokemon-name"
            >
              ivysaur
            </h2>
            <p
              class="text-base text-gray-700"
              data-testid="pokemon-id"
            >
              Nº002
            </p>
          </div>
          <div
            class="p-2 flex gap-2"
            data-testid="pokemon-types"
          >
            <div
              aria-label="grass"
              class="flex w-fit items-center gap-2 text-white px-3 py-2 rounded-full bg-pokemon-grass"
              data-testid="poke-badge"
            >
              <div
                class="w-6 h-6 flex items-center justify-center rounded-full overflow-visible bg-white"
              >
                <img
                  alt="grass"
                  height="13"
                  src="/icons/png/filled/grass.png"
                  width="13"
                />
              </div>
              <span
                class="font-semibold text-sm"
              >
                Grass
              </span>
            </div>
            <div
              aria-label="poison"
              class="flex w-fit items-center gap-2 text-white px-3 py-2 rounded-full bg-pokemon-poison"
              data-testid="poke-badge"
            >
              <div
                class="w-6 h-6 flex items-center justify-center rounded-full overflow-visible bg-white"
              >
                <img
                  alt="poison"
                  height="13"
                  src="/icons/png/filled/poison.png"
                  width="13"
                />
              </div>
              <span
                class="font-semibold text-sm"
              >
                Poison
              </span>
            </div>
          </div>
          <div
            class="p-2 w-full flex gap-[20px]"
          >
            <div
              class="grid grid-cols-2 w-full gap-[20px]"
            >
              <div
                class="flex flex-col gap-[4.5px] items-left   rounded-lg  "
              >
                <div
                  class="flex items-end gap-[8.5px] h-[16px] text-gray-500 text-xs font-semibold uppercase"
                >
                  <img
                    alt="weight"
                    height="18"
                    src="/icons/svg/outlined/weight.svg"
                    width="18"
                  />
                  <span>
                    Peso
                  </span>
                </div>
                <div
                  class="mt-1 font-(--font-poppins) h-[42px]  w-full py-[8px] bg-white rounded-[15px] text-gray-800 font-bold text-lg text-center border border-[#E5E5E5]"
                >
                  13 kg
                </div>
              </div>
              <div
                class="flex flex-col gap-[4.5px] items-left   rounded-lg  "
              >
                <div
                  class="flex items-end gap-[8.5px] h-[16px] text-gray-500 text-xs font-semibold uppercase"
                >
                  <img
                    alt="height"
                    height="15"
                    src="/icons/svg/outlined/height.svg"
                    width="15"
                  />
                  <span>
                    Altura
                  </span>
                </div>
                <div
                  class="mt-1 font-(--font-poppins) h-[42px]  w-full py-[8px] bg-white rounded-[15px] text-gray-800 font-bold text-lg text-center border border-[#E5E5E5]"
                >
                  1 m
                </div>
              </div>
            </div>
          </div>
        </a>
      </div>
    </div>
    <div
      class="flex items-center gap-2 py-4"
    >
      <button
        class="px-4 py-2 bg-gray-700 text-white rounded-md disabled:opacity-50 disabled:cursor-not-allowed hover:bg-gray-600 transition"
        disabled=""
      >
        ←
      </button>
      <button
        class="px-4 py-2 rounded-md transition bg-blue-600 text-white font-bold disabled:opacity-50 disabled:cursor-not-allowed"
      >
        1
      </button>
      <button
        class="px-4 py-2 rounded-md transition bg-gray-700 text-white hover:bg-gray-600 disabled:opacity-50 disabled:cursor-not-allowed"
      >
        2
      </button>
      <button
        class="px-4 py-2 rounded-md transition bg-gray-700 text-white hover:bg-gray-600 disabled:opacity-50 disabled:cursor-not-allowed"
      >
        3
      </button>
      <button
        class="px-4 py-2 rounded-md transition bg-gray-700 text-white hover:bg-gray-600 disabled:opacity-50 disabled:cursor-not-allowed"
      >
        4
      </button>
      <button
        class="px-4 py-2 rounded-md transition bg-gray-700 text-white hover:bg-gray-600 disabled:opacity-50 disabled:cursor-not-allowed"
      >
        5
      </button>
      <button
        class="px-4 py-2 bg-gray-700 text-white rounded-md disabled:opacity-50 disabled:cursor-not-allowed hover:bg-gray-600 transition"
      >
        →
      </button>
    </div>
  </div>
</div>
`;
