// Jest Snapshot v1, https://goo.gl/fbAQLP

exports[`<PokeBadge /> should render the badge 1`] = `
<div>
  <div
    class="flex w-fit items-center gap-2 text-white px-3 py-2 rounded-full bg-pokemon-fire"
    data-testid="poke-badge"
  >
    <div
      class="w-6 h-6 flex items-center bg-white justify-center rounded-full overflow-visible"
    >
      <img
        alt="fire"
        height="13"
        src="/icons/png/filled/fire.png"
        width="13"
      />
    </div>
    <span
      class="font-semibold text-sm"
    >
      Fire
    </span>
  </div>
</div>
`;
