// Jest Snapshot v1, https://goo.gl/fbAQLP

exports[`<Footer /> should render the footer with correct text and link 1`] = `
<div>
  <footer
    class="bg-gray-200 bottom-0 w-full text-gray-500 text-center p-4"
  >
    Made with 
    <span
      class="text-red-500"
    >
      ❤️
    </span>
     by
     
    <a
      class="underline  text-gray-500 hover:text-gray-800"
      href="https://github.com/willFelisberto/"
      rel="noopener noreferrer"
      target="_blank"
    >
      Willian Felisberto
    </a>
  </footer>
</div>
`;
